error: directive `style` is not supported on components
 --> tests/ui/errors/invalid_directive_on_component.rs:6:19
  |
6 |         Component style:color="white";
  |                   ^^^^^^^^^^^

error: directive `class` is not supported on components
  --> tests/ui/errors/invalid_directive_on_component.rs:12:19
   |
12 |         Component class:red={true};
   |                   ^^^^^^^^^
