error: only string literals are allowed in children
 --> tests/ui/errors/non_str_child.rs:5:15
  |
5 |         div { 3 }
  |               ^
